Script started on 2025-01-27 12:04:13+13:00 [TERM="xterm-256color" TTY="/dev/cons2" COLUMNS="191" LINES="14"]
[?2004hsh-5.2$ exit[K[K[K[Kgit
[?2004l[6n[6n[m[?25husage: git [-v | --version] [-h | --help] [-C <path>] [-c <name>=<value>]
           [--exec-path[=<path>]] [--html-path] [--man-path] [--info-path]
           [-p | --paginate | -P | --no-pager] [--no-replace-objects] [--bare]
           [--git-dir=<path>] [--work-tree=<path>] [--namespace=<name>]
           [--config-env=<name>=<envvar>] <command> [<args>]

These are common Git commands used in various situations:

start a working area (see also: git help tutorial)
   clone     Clone a repository into a new directory
   init      Create an empty Git repository or reinitialize an existing one

work on the current change (see also: git help everyday)
   add       Add file contents to the index
   mv        Move or rename a file, a directory, or a symlink
   restore   Restore working tree files
   rm        Remove files from the working tree and from the index

examine the history and state (see also: git help revisions)
   bisect    Use binary search to find the commit that introduced a bug
   diff      Show changes between commits, commit and working tree, etc
   grep      Print lines matching a pattern
   log       Show commit logs
   show      Show various types of objects
   status    Show the working tree status

grow, mark and tweak your common history
   branch    List, create, or delete branches
   commit    Record changes to the repository
   merge     Join two or more development histories together
   rebase    Reapply commits on top of another base tip
   reset     Reset current HEAD to the specified state
   switch    Switch branches
   tag       Create, list, delete or verify a tag object signed with GPG

collaborate (see also: git help workflows)
   fetch     Download objects and refs from another repository
   pull      Fetch from and integrate with another repository or a local branch
   push      Update remote refs along with associated objects

'git help -a' and 'git help -g' list available subcommands and some
concept guides. See 'git help <command>' or 'git help <concept>'
to read about a specific subcommand or concept.
See 'git help git' for an overview of the system.
[?2004hsh-5.2$ gits[K status
[?2004l[6n[m[?25hOn branch dev
Your branch is up to date with 'origin/dev'.

Changes to be committed:
  (use "git restore --staged <file>..." to unstage)
        [32mmodified:   esphome/components/pulse_width_accumulate/pulse_width_accumulate.h[m[K

Changes not staged for commit:
  (use "git add <file>..." to update what will be committed)
  (use "git restore <file>..." to discard changes in working directory)
        [31mmodified:   pulse-width-accumulate[m (new commits)[K
        [31mmodified:   typescript[m[K

[?2004hsh-5.2$ git add .
[?2004l[6n[m[?25h[?2004hsh-5.2$ git add .
[?2004l[6n[m[?25h[?2004hsh-5.2$ git commit [K -m "removed some comments [K"
[?2004l[6n[m[?25hAuthor identity unknown

*** Please tell me who you are.

Run

  git config --global user.email "you@example.com"
  git config --global user.name "Your Name"

to set your account's default identity.
Omit --global to set the identity only in this repository.

fatal: unable to auto-detect email address (got 'Patrick@Huxley.(none)')
[?2004hsh-5.2$ exit
[?2004lexit

Script done on 2025-01-27 12:05:13+13:00 [COMMAND_EXIT_CODE="128"]
